#$%^&*@?
$%^&*()_+
)()()()()(
.
..
@#$%^^&*
this filename contains whitespace
