echo "built 2" > _testTarg2 ; touch -t 160501011100.00 _testTarg2
echo "built 4" > _testTarg4 ; touch -t 160501011100.01 _testTarg4
built 2
original 3
built 4
