echo "built 2" > _testTarg2 ; touch -t 160501011100.02 _testTarg2
original 1
built 2
original 3
original 4
