echo "built 2" > _testTarg2 ; touch -t 160501011100.01 _testTarg2
original 1
built 2
original 3
