echo "built t2" > _testTarg2 ; touch -t 160501011100.00 _testTarg2
built t2
