echo "built 3" > _testTarg3 ; touch -t 160501011100.00 _testTarg3
echo "built 1" > _testTarg1 ; touch -t 160501011100.01 _testTarg1
built 1
original 2
built 3
original 4
