echo "built 1" > _testTarg1 ; touch -t 160501011100.01 _testTarg1
built 1
original 2
original 3
