echo "built 3" > _testTarg3 ; touch -t 160501011100.01 _testTarg3
original 1
original 2
built 3
original 4
