echo "built 2" > _testTarg2 ; touch -t 160501011100.01 _testTarg2
echo "built 1" > _testTarg1 ; touch -t 160501011100.01 _testTarg1
built 1
built 2
original 4
