echo "built t1" > _testTarg1 ; touch -t 160501011100.02 _testTarg1
echo "built t3" > _testTarg3 ; touch -t 160501011100.00 _testTarg3
built t1
original 2
built t3
